Refreshing run status every 3 seconds. Press Ctrl+C to quit.

* poc/fan-curves-imu-20261001-latest Build BICHENG/SnapmakerU1-Extended-Firmware#1 · 37019633229
Triggered via workflow_dispatch less than a minute ago

JOBS
* custom-firmware-build (ID 110879083253)
  ✓ Set up job
  ✓ Record start time
  ✓ Checkout
  ✓ Set up Docker Buildx
  * Build Docker image with cache
  * Load values vars.mk
  * Restore Firmwares Cache
  * Restore Kernel Cache
  * Restore ccache
  * Restore downloads cache
  * Set GIT_VERSION (for Pull Request)
  * Download firmware
  * Build with Extended Fluidd firmware
  * Run actions/upload-artifact@v4
  * Build with Extended Fluidd + AFC firmware (experimental)
  * Run actions/upload-artifact@v4
  * Save PR info
  * Upload PR info
  * Save Firmwares Cache
  * Save Kernel Cache
  * Save ccache
  * Save downloads cache
  * Post Build Docker image with cache
  * Post Set up Docker Buildx
  * Post Checkout
Refreshing run status every 3 seconds. Press Ctrl+C to quit.

* poc/fan-curves-imu-20261001-latest Build BICHENG/SnapmakerU1-Extended-Firmware#1 · 37019633229
Triggered via workflow_dispatch less than a minute ago

JOBS
* custom-firmware-build (ID 110879083253)
  ✓ Set up job
  ✓ Record start time
  ✓ Checkout
  ✓ Set up Docker Buildx
  * Build Docker image with cache
  * Load values vars.mk
  * Restore Firmwares Cache
  * Restore Kernel Cache
  * Restore ccache
  * Restore downloads cache
  * Set GIT_VERSION (for Pull Request)
  * Download firmware
  * Build with Extended Fluidd firmware
  * Run actions/upload-artifact@v4
  * Build with Extended Fluidd + AFC firmware (experimental)
  * Run actions/upload-artifact@v4
  * Save PR info
  * Upload PR info
  * Save Firmwares Cache
  * Save Kernel Cache
  * Save ccache
  * Save downloads cache
  * Post Build Docker image with cache
  * Post Set up Docker Buildx
  * Post Checkout
Refreshing run status every 3 seconds. Press Ctrl+C to quit.

* poc/fan-curves-imu-20261001-latest Build BICHENG/SnapmakerU1-Extended-Firmware#1 · 37019633229
Triggered via workflow_dispatch less than a minute ago

JOBS
* custom-firmware-build (ID 110879083253)
  ✓ Set up job
  ✓ Record start time
  ✓ Checkout
  ✓ Set up Docker Buildx
  * Build Docker image with cache
  * Load values vars.mk
  * Restore Firmwares Cache
  * Restore Kernel Cache
  * Restore ccache
  * Restore downloads cache
  * Set GIT_VERSION (for Pull Request)
  * Download firmware
  * Build with Extended Fluidd firmware
  * Run actions/upload-artifact@v4
  * Build with Extended Fluidd + AFC firmware (experimental)
  * Run actions/upload-artifact@v4
  * Save PR info
  * Upload PR info
  * Save Firmwares Cache
  * Save Kernel Cache
  * Save ccache
  * Save downloads cache
  * Post Build Docker image with cache
  * Post Set up Docker Buildx
  * Post Checkout
Refreshing run status every 3 seconds. Press Ctrl+C to quit.

* poc/fan-curves-imu-20261001-latest Build BICHENG/SnapmakerU1-Extended-Firmware#1 · 37019633229
Triggered via workflow_dispatch less than a minute ago

JOBS
* custom-firmware-build (ID 110879083253)
  ✓ Set up job
  ✓ Record start time
  ✓ Checkout
  ✓ Set up Docker Buildx
  * Build Docker image with cache
  * Load values vars.mk
  * Restore Firmwares Cache
  * Restore Kernel Cache
  * Restore ccache
  * Restore downloads cache
  * Set GIT_VERSION (for Pull Request)
  * Download firmware
  * Build with Extended Fluidd firmware
  * Run actions/upload-artifact@v4
  * Build with Extended Fluidd + AFC firmware (experimental)
  * Run actions/upload-artifact@v4
  * Save PR info
  * Upload PR info
  * Save Firmwares Cache
  * Save Kernel Cache
  * Save ccache
  * Save downloads cache
  * Post Build Docker image with cache
  * Post Set up Docker Buildx
  * Post Checkout
Refreshing run status every 3 seconds. Press Ctrl+C to quit.

* poc/fan-curves-imu-20261001-latest Build BICHENG/SnapmakerU1-Extended-Firmware#1 · 37019633229
Triggered via workflow_dispatch less than a minute ago

JOBS
* custom-firmware-build (ID 110879083253)
  ✓ Set up job
  ✓ Record start time
  ✓ Checkout
  ✓ Set up Docker Buildx
  * Build Docker image with cache
  * Load values vars.mk
  * Restore Firmwares Cache
  * Restore Kernel Cache
  * Restore ccache
  * Restore downloads cache
  * Set GIT_VERSION (for Pull Request)
  * Download firmware
  * Build with Extended Fluidd firmware
  * Run actions/upload-artifact@v4
  * Build with Extended Fluidd + AFC firmware (experimental)
  * Run actions/upload-artifact@v4
  * Save PR info
  * Upload PR info
  * Save Firmwares Cache
  * Save Kernel Cache
  * Save ccache
  * Save downloads cache
  * Post Build Docker image with cache
  * Post Set up Docker Buildx
  * Post Checkout
Refreshing run status every 3 seconds. Press Ctrl+C to quit.

* poc/fan-curves-imu-20261001-latest Build BICHENG/SnapmakerU1-Extended-Firmware#1 · 37019633229
Triggered via workflow_dispatch less than a minute ago

JOBS
* custom-firmware-build (ID 110879083253)
  ✓ Set up job
  ✓ Record start time
  ✓ Checkout
  ✓ Set up Docker Buildx
  * Build Docker image with cache
  * Load values vars.mk
  * Restore Firmwares Cache
  * Restore Kernel Cache
  * Restore ccache
  * Restore downloads cache
  * Set GIT_VERSION (for Pull Request)
  * Download firmware
  * Build with Extended Fluidd firmware
  * Run actions/upload-artifact@v4
  * Build with Extended Fluidd + AFC firmware (experimental)
  * Run actions/upload-artifact@v4
  * Save PR info
  * Upload PR info
  * Save Firmwares Cache
  * Save Kernel Cache
  * Save ccache
  * Save downloads cache
  * Post Build Docker image with cache
  * Post Set up Docker Buildx
  * Post Checkout
Refreshing run status every 3 seconds. Press Ctrl+C to quit.

* poc/fan-curves-imu-20261001-latest Build BICHENG/SnapmakerU1-Extended-Firmware#1 · 37019633229
Triggered via workflow_dispatch less than a minute ago

JOBS
* custom-firmware-build (ID 110879083253)
  ✓ Set up job
  ✓ Record start time
  ✓ Checkout
  ✓ Set up Docker Buildx
  ✓ Build Docker image with cache
  ✓ Load values vars.mk
  ✓ Restore Firmwares Cache
  * Restore Kernel Cache
  * Restore ccache
  * Restore downloads cache
  * Set GIT_VERSION (for Pull Request)
  * Download firmware
  * Build with Extended Fluidd firmware
  * Run actions/upload-artifact@v4
  * Build with Extended Fluidd + AFC firmware (experimental)
  * Run actions/upload-artifact@v4
  * Save PR info
  * Upload PR info
  * Save Firmwares Cache
  * Save Kernel Cache
  * Save ccache
  * Save downloads cache
  * Post Build Docker image with cache
  * Post Set up Docker Buildx
  * Post Checkout
Refreshing run status every 3 seconds. Press Ctrl+C to quit.

* poc/fan-curves-imu-20261001-latest Build BICHENG/SnapmakerU1-Extended-Firmware#1 · 37019633229
Triggered via workflow_dispatch about 1 minute ago

JOBS
* custom-firmware-build (ID 110879083253)
  ✓ Set up job
  ✓ Record start time
  ✓ Checkout
  ✓ Set up Docker Buildx
  ✓ Build Docker image with cache
  ✓ Load values vars.mk
  ✓ Restore Firmwares Cache
  ✓ Restore Kernel Cache
  * Restore ccache
  * Restore downloads cache
  * Set GIT_VERSION (for Pull Request)
  * Download firmware
  * Build with Extended Fluidd firmware
  * Run actions/upload-artifact@v4
  * Build with Extended Fluidd + AFC firmware (experimental)
  * Run actions/upload-artifact@v4
  * Save PR info
  * Upload PR info
  * Save Firmwares Cache
  * Save Kernel Cache
  * Save ccache
  * Save downloads cache
  * Post Build Docker image with cache
  * Post Set up Docker Buildx
  * Post Checkout
Refreshing run status every 3 seconds. Press Ctrl+C to quit.

* poc/fan-curves-imu-20261001-latest Build BICHENG/SnapmakerU1-Extended-Firmware#1 · 37019633229
Triggered via workflow_dispatch about 1 minute ago

JOBS
* custom-firmware-build (ID 110879083253)
  ✓ Set up job
  ✓ Record start time
  ✓ Checkout
  ✓ Set up Docker Buildx
  ✓ Build Docker image with cache
  ✓ Load values vars.mk
  ✓ Restore Firmwares Cache
  ✓ Restore Kernel Cache
  ✓ Restore ccache
  ✓ Restore downloads cache
  - Set GIT_VERSION (for Pull Request)
  * Download firmware
  * Build with Extended Fluidd firmware
  * Run actions/upload-artifact@v4
  * Build with Extended Fluidd + AFC firmware (experimental)
  * Run actions/upload-artifact@v4
  * Save PR info
  * Upload PR info
  * Save Firmwares Cache
  * Save Kernel Cache
  * Save ccache
  * Save downloads cache
  * Post Build Docker image with cache
  * Post Set up Docker Buildx
  * Post Checkout
Refreshing run status every 3 seconds. Press Ctrl+C to quit.

* poc/fan-curves-imu-20261001-latest Build BICHENG/SnapmakerU1-Extended-Firmware#1 · 37019633229
Triggered via workflow_dispatch about 1 minute ago

JOBS
* custom-firmware-build (ID 110879083253)
  ✓ Set up job
  ✓ Record start time
  ✓ Checkout
  ✓ Set up Docker Buildx
  ✓ Build Docker image with cache
  ✓ Load values vars.mk
  ✓ Restore Firmwares Cache
  ✓ Restore Kernel Cache
  ✓ Restore ccache
  ✓ Restore downloads cache
  - Set GIT_VERSION (for Pull Request)
  ✓ Download firmware
  * Build with Extended Fluidd firmware
  * Run actions/upload-artifact@v4
  * Build with Extended Fluidd + AFC firmware (experimental)
  * Run actions/upload-artifact@v4
  * Save PR info
  * Upload PR info
  * Save Firmwares Cache
  * Save Kernel Cache
  * Save ccache
  * Save downloads cache
  * Post Build Docker image with cache
  * Post Set up Docker Buildx
  * Post Checkout
Refreshing run status every 3 seconds. Press Ctrl+C to quit.

* poc/fan-curves-imu-20261001-latest Build BICHENG/SnapmakerU1-Extended-Firmware#1 · 37019633229
Triggered via workflow_dispatch about 1 minute ago

JOBS
* custom-firmware-build (ID 110879083253)
  ✓ Set up job
  ✓ Record start time
  ✓ Checkout
  ✓ Set up Docker Buildx
  ✓ Build Docker image with cache
  ✓ Load values vars.mk
  ✓ Restore Firmwares Cache
  ✓ Restore Kernel Cache
  ✓ Restore ccache
  ✓ Restore downloads cache
  - Set GIT_VERSION (for Pull Request)
  ✓ Download firmware
  * Build with Extended Fluidd firmware
  * Run actions/upload-artifact@v4
  * Build with Extended Fluidd + AFC firmware (experimental)
  * Run actions/upload-artifact@v4
  * Save PR info
  * Upload PR info
  * Save Firmwares Cache
  * Save Kernel Cache
  * Save ccache
  * Save downloads cache
  * Post Build Docker image with cache
  * Post Set up Docker Buildx
  * Post Checkout
Refreshing run status every 3 seconds. Press Ctrl+C to quit.

* poc/fan-curves-imu-20261001-latest Build BICHENG/SnapmakerU1-Extended-Firmware#1 · 37019633229
Triggered via workflow_dispatch about 1 minute ago

JOBS
* custom-firmware-build (ID 110879083253)
  ✓ Set up job
  ✓ Record start time
  ✓ Checkout
  ✓ Set up Docker Buildx
  ✓ Build Docker image with cache
  ✓ Load values vars.mk
  ✓ Restore Firmwares Cache
  ✓ Restore Kernel Cache
  ✓ Restore ccache
  ✓ Restore downloads cache
  - Set GIT_VERSION (for Pull Request)
  ✓ Download firmware
  * Build with Extended Fluidd firmware
  * Run actions/upload-artifact@v4
  * Build with Extended Fluidd + AFC firmware (experimental)
  * Run actions/upload-artifact@v4
  * Save PR info
  * Upload PR info
  * Save Firmwares Cache
  * Save Kernel Cache
  * Save ccache
  * Save downloads cache
  * Post Build Docker image with cache
  * Post Set up Docker Buildx
  * Post Checkout
Refreshing run status every 3 seconds. Press Ctrl+C to quit.

* poc/fan-curves-imu-20261001-latest Build BICHENG/SnapmakerU1-Extended-Firmware#1 · 37019633229
Triggered via workflow_dispatch about 1 minute ago

JOBS
* custom-firmware-build (ID 110879083253)
  ✓ Set up job
  ✓ Record start time
  ✓ Checkout
  ✓ Set up Docker Buildx
  ✓ Build Docker image with cache
  ✓ Load values vars.mk
  ✓ Restore Firmwares Cache
  ✓ Restore Kernel Cache
  ✓ Restore ccache
  ✓ Restore downloads cache
  - Set GIT_VERSION (for Pull Request)
  ✓ Download firmware
  * Build with Extended Fluidd firmware
  * Run actions/upload-artifact@v4
  * Build with Extended Fluidd + AFC firmware (experimental)
  * Run actions/upload-artifact@v4
  * Save PR info
  * Upload PR info
  * Save Firmwares Cache
  * Save Kernel Cache
  * Save ccache
  * Save downloads cache
  * Post Build Docker image with cache
  * Post Set up Docker Buildx
  * Post Checkout
Refreshing run status every 3 seconds. Press Ctrl+C to quit.

* poc/fan-curves-imu-20261001-latest Build BICHENG/SnapmakerU1-Extended-Firmware#1 · 37019633229
Triggered via workflow_dispatch about 1 minute ago

JOBS
* custom-firmware-build (ID 110879083253)
  ✓ Set up job
  ✓ Record start time
  ✓ Checkout
  ✓ Set up Docker Buildx
  ✓ Build Docker image with cache
  ✓ Load values vars.mk
  ✓ Restore Firmwares Cache
  ✓ Restore Kernel Cache
  ✓ Restore ccache
  ✓ Restore downloads cache
  - Set GIT_VERSION (for Pull Request)
  ✓ Download firmware
  * Build with Extended Fluidd firmware
  * Run actions/upload-artifact@v4
  * Build with Extended Fluidd + AFC firmware (experimental)
  * Run actions/upload-artifact@v4
  * Save PR info
  * Upload PR info
  * Save Firmwares Cache
  * Save Kernel Cache
  * Save ccache
  * Save downloads cache
  * Post Build Docker image with cache
  * Post Set up Docker Buildx
  * Post Checkout
Refreshing run status every 3 seconds. Press Ctrl+C to quit.

* poc/fan-curves-imu-20261001-latest Build BICHENG/SnapmakerU1-Extended-Firmware#1 · 37019633229
Triggered via workflow_dispatch about 1 minute ago

JOBS
* custom-firmware-build (ID 110879083253)
  ✓ Set up job
  ✓ Record start time
  ✓ Checkout
  ✓ Set up Docker Buildx
  ✓ Build Docker image with cache
  ✓ Load values vars.mk
  ✓ Restore Firmwares Cache
  ✓ Restore Kernel Cache
  ✓ Restore ccache
  ✓ Restore downloads cache
  - Set GIT_VERSION (for Pull Request)
  ✓ Download firmware
  * Build with Extended Fluidd firmware
  * Run actions/upload-artifact@v4
  * Build with Extended Fluidd + AFC firmware (experimental)
  * Run actions/upload-artifact@v4
  * Save PR info
  * Upload PR info
  * Save Firmwares Cache
  * Save Kernel Cache
  * Save ccache
  * Save downloads cache
  * Post Build Docker image with cache
  * Post Set up Docker Buildx
  * Post Checkout
Refreshing run status every 3 seconds. Press Ctrl+C to quit.

* poc/fan-curves-imu-20261001-latest Build BICHENG/SnapmakerU1-Extended-Firmware#1 · 37019633229
Triggered via workflow_dispatch about 1 minute ago

JOBS
* custom-firmware-build (ID 110879083253)
  ✓ Set up job
  ✓ Record start time
  ✓ Checkout
  ✓ Set up Docker Buildx
  ✓ Build Docker image with cache
  ✓ Load values vars.mk
  ✓ Restore Firmwares Cache
  ✓ Restore Kernel Cache
  ✓ Restore ccache
  ✓ Restore downloads cache
  - Set GIT_VERSION (for Pull Request)
  ✓ Download firmware
  * Build with Extended Fluidd firmware
  * Run actions/upload-artifact@v4
  * Build with Extended Fluidd + AFC firmware (experimental)
  * Run actions/upload-artifact@v4
  * Save PR info
  * Upload PR info
  * Save Firmwares Cache
  * Save Kernel Cache
  * Save ccache
  * Save downloads cache
  * Post Build Docker image with cache
  * Post Set up Docker Buildx
  * Post Checkout
Refreshing run status every 3 seconds. Press Ctrl+C to quit.

* poc/fan-curves-imu-20261001-latest Build BICHENG/SnapmakerU1-Extended-Firmware#1 · 37019633229
Triggered via workflow_dispatch about 1 minute ago

JOBS
* custom-firmware-build (ID 110879083253)
  ✓ Set up job
  ✓ Record start time
  ✓ Checkout
  ✓ Set up Docker Buildx
  ✓ Build Docker image with cache
  ✓ Load values vars.mk
  ✓ Restore Firmwares Cache
  ✓ Restore Kernel Cache
  ✓ Restore ccache
  ✓ Restore downloads cache
  - Set GIT_VERSION (for Pull Request)
  ✓ Download firmware
  * Build with Extended Fluidd firmware
  * Run actions/upload-artifact@v4
  * Build with Extended Fluidd + AFC firmware (experimental)
  * Run actions/upload-artifact@v4
  * Save PR info
  * Upload PR info
  * Save Firmwares Cache
  * Save Kernel Cache
  * Save ccache
  * Save downloads cache
  * Post Build Docker image with cache
  * Post Set up Docker Buildx
  * Post Checkout
Refreshing run status every 3 seconds. Press Ctrl+C to quit.

* poc/fan-curves-imu-20261001-latest Build BICHENG/SnapmakerU1-Extended-Firmware#1 · 37019633229
Triggered via workflow_dispatch about 1 minute ago

JOBS
* custom-firmware-build (ID 110879083253)
  ✓ Set up job
  ✓ Record start time
  ✓ Checkout
  ✓ Set up Docker Buildx
  ✓ Build Docker image with cache
  ✓ Load values vars.mk
  ✓ Restore Firmwares Cache
  ✓ Restore Kernel Cache
  ✓ Restore ccache
  ✓ Restore downloads cache
  - Set GIT_VERSION (for Pull Request)
  ✓ Download firmware
  * Build with Extended Fluidd firmware
  * Run actions/upload-artifact@v4
  * Build with Extended Fluidd + AFC firmware (experimental)
  * Run actions/upload-artifact@v4
  * Save PR info
  * Upload PR info
  * Save Firmwares Cache
  * Save Kernel Cache
  * Save ccache
  * Save downloads cache
  * Post Build Docker image with cache
  * Post Set up Docker Buildx
  * Post Checkout
Refreshing run status every 3 seconds. Press Ctrl+C to quit.

* poc/fan-curves-imu-20261001-latest Build BICHENG/SnapmakerU1-Extended-Firmware#1 · 37019633229
Triggered via workflow_dispatch about 1 minute ago

JOBS
* custom-firmware-build (ID 110879083253)
  ✓ Set up job
  ✓ Record start time
  ✓ Checkout
  ✓ Set up Docker Buildx
  ✓ Build Docker image with cache
  ✓ Load values vars.mk
  ✓ Restore Firmwares Cache
  ✓ Restore Kernel Cache
  ✓ Restore ccache
  ✓ Restore downloads cache
  - Set GIT_VERSION (for Pull Request)
  ✓ Download firmware
  * Build with Extended Fluidd firmware
  * Run actions/upload-artifact@v4
  * Build with Extended Fluidd + AFC firmware (experimental)
  * Run actions/upload-artifact@v4
  * Save PR info
  * Upload PR info
  * Save Firmwares Cache
  * Save Kernel Cache
  * Save ccache
  * Save downloads cache
  * Post Build Docker image with cache
  * Post Set up Docker Buildx
  * Post Checkout
Refreshing run status every 3 seconds. Press Ctrl+C to quit.

* poc/fan-curves-imu-20261001-latest Build BICHENG/SnapmakerU1-Extended-Firmware#1 · 37019633229
Triggered via workflow_dispatch about 2 minutes ago

JOBS
* custom-firmware-build (ID 110879083253)
  ✓ Set up job
  ✓ Record start time
  ✓ Checkout
  ✓ Set up Docker Buildx
  ✓ Build Docker image with cache
  ✓ Load values vars.mk
  ✓ Restore Firmwares Cache
  ✓ Restore Kernel Cache
  ✓ Restore ccache
  ✓ Restore downloads cache
  - Set GIT_VERSION (for Pull Request)
  ✓ Download firmware
  * Build with Extended Fluidd firmware
  * Run actions/upload-artifact@v4
  * Build with Extended Fluidd + AFC firmware (experimental)
  * Run actions/upload-artifact@v4
  * Save PR info
  * Upload PR info
  * Save Firmwares Cache
  * Save Kernel Cache
  * Save ccache
  * Save downloads cache
  * Post Build Docker image with cache
  * Post Set up Docker Buildx
  * Post Checkout
Refreshing run status every 3 seconds. Press Ctrl+C to quit.

* poc/fan-curves-imu-20261001-latest Build BICHENG/SnapmakerU1-Extended-Firmware#1 · 37019633229
Triggered via workflow_dispatch about 2 minutes ago

JOBS
* custom-firmware-build (ID 110879083253)
  ✓ Set up job
  ✓ Record start time
  ✓ Checkout
  ✓ Set up Docker Buildx
  ✓ Build Docker image with cache
  ✓ Load values vars.mk
  ✓ Restore Firmwares Cache
  ✓ Restore Kernel Cache
  ✓ Restore ccache
  ✓ Restore downloads cache
  - Set GIT_VERSION (for Pull Request)
  ✓ Download firmware
  * Build with Extended Fluidd firmware
  * Run actions/upload-artifact@v4
  * Build with Extended Fluidd + AFC firmware (experimental)
  * Run actions/upload-artifact@v4
  * Save PR info
  * Upload PR info
  * Save Firmwares Cache
  * Save Kernel Cache
  * Save ccache
  * Save downloads cache
  * Post Build Docker image with cache
  * Post Set up Docker Buildx
  * Post Checkout
Refreshing run status every 3 seconds. Press Ctrl+C to quit.

* poc/fan-curves-imu-20261001-latest Build BICHENG/SnapmakerU1-Extended-Firmware#1 · 37019633229
Triggered via workflow_dispatch about 2 minutes ago

JOBS
* custom-firmware-build (ID 110879083253)
  ✓ Set up job
  ✓ Record start time
  ✓ Checkout
  ✓ Set up Docker Buildx
  ✓ Build Docker image with cache
  ✓ Load values vars.mk
  ✓ Restore Firmwares Cache
  ✓ Restore Kernel Cache
  ✓ Restore ccache
  ✓ Restore downloads cache
  - Set GIT_VERSION (for Pull Request)
  ✓ Download firmware
  * Build with Extended Fluidd firmware
  * Run actions/upload-artifact@v4
  * Build with Extended Fluidd + AFC firmware (experimental)
  * Run actions/upload-artifact@v4
  * Save PR info
  * Upload PR info
  * Save Firmwares Cache
  * Save Kernel Cache
  * Save ccache
  * Save downloads cache
  * Post Build Docker image with cache
  * Post Set up Docker Buildx
  * Post Checkout
Refreshing run status every 3 seconds. Press Ctrl+C to quit.

* poc/fan-curves-imu-20261001-latest Build BICHENG/SnapmakerU1-Extended-Firmware#1 · 37019633229
Triggered via workflow_dispatch about 2 minutes ago

JOBS
* custom-firmware-build (ID 110879083253)
  ✓ Set up job
  ✓ Record start time
  ✓ Checkout
  ✓ Set up Docker Buildx
  ✓ Build Docker image with cache
  ✓ Load values vars.mk
  ✓ Restore Firmwares Cache
  ✓ Restore Kernel Cache
  ✓ Restore ccache
  ✓ Restore downloads cache
  - Set GIT_VERSION (for Pull Request)
  ✓ Download firmware
  * Build with Extended Fluidd firmware
  * Run actions/upload-artifact@v4
  * Build with Extended Fluidd + AFC firmware (experimental)
  * Run actions/upload-artifact@v4
  * Save PR info
  * Upload PR info
  * Save Firmwares Cache
  * Save Kernel Cache
  * Save ccache
  * Save downloads cache
  * Post Build Docker image with cache
  * Post Set up Docker Buildx
  * Post Checkout
Refreshing run status every 3 seconds. Press Ctrl+C to quit.

* poc/fan-curves-imu-20261001-latest Build BICHENG/SnapmakerU1-Extended-Firmware#1 · 37019633229
Triggered via workflow_dispatch about 2 minutes ago

JOBS
* custom-firmware-build (ID 110879083253)
  ✓ Set up job
  ✓ Record start time
  ✓ Checkout
  ✓ Set up Docker Buildx
  ✓ Build Docker image with cache
  ✓ Load values vars.mk
  ✓ Restore Firmwares Cache
  ✓ Restore Kernel Cache
  ✓ Restore ccache
  ✓ Restore downloads cache
  - Set GIT_VERSION (for Pull Request)
  ✓ Download firmware
  * Build with Extended Fluidd firmware
  * Run actions/upload-artifact@v4
  * Build with Extended Fluidd + AFC firmware (experimental)
  * Run actions/upload-artifact@v4
  * Save PR info
  * Upload PR info
  * Save Firmwares Cache
  * Save Kernel Cache
  * Save ccache
  * Save downloads cache
  * Post Build Docker image with cache
  * Post Set up Docker Buildx
  * Post Checkout
Refreshing run status every 3 seconds. Press Ctrl+C to quit.

* poc/fan-curves-imu-20261001-latest Build BICHENG/SnapmakerU1-Extended-Firmware#1 · 37019633229
Triggered via workflow_dispatch about 2 minutes ago

JOBS
* custom-firmware-build (ID 110879083253)
  ✓ Set up job
  ✓ Record start time
  ✓ Checkout
  ✓ Set up Docker Buildx
  ✓ Build Docker image with cache
  ✓ Load values vars.mk
  ✓ Restore Firmwares Cache
  ✓ Restore Kernel Cache
  ✓ Restore ccache
  ✓ Restore downloads cache
  - Set GIT_VERSION (for Pull Request)
  ✓ Download firmware
  * Build with Extended Fluidd firmware
  * Run actions/upload-artifact@v4
  * Build with Extended Fluidd + AFC firmware (experimental)
  * Run actions/upload-artifact@v4
  * Save PR info
  * Upload PR info
  * Save Firmwares Cache
  * Save Kernel Cache
  * Save ccache
  * Save downloads cache
  * Post Build Docker image with cache
  * Post Set up Docker Buildx
  * Post Checkout
Refreshing run status every 3 seconds. Press Ctrl+C to quit.

* poc/fan-curves-imu-20261001-latest Build BICHENG/SnapmakerU1-Extended-Firmware#1 · 37019633229
Triggered via workflow_dispatch about 2 minutes ago

JOBS
* custom-firmware-build (ID 110879083253)
  ✓ Set up job
  ✓ Record start time
  ✓ Checkout
  ✓ Set up Docker Buildx
  ✓ Build Docker image with cache
  ✓ Load values vars.mk
  ✓ Restore Firmwares Cache
  ✓ Restore Kernel Cache
  ✓ Restore ccache
  ✓ Restore downloads cache
  - Set GIT_VERSION (for Pull Request)
  ✓ Download firmware
  * Build with Extended Fluidd firmware
  * Run actions/upload-artifact@v4
  * Build with Extended Fluidd + AFC firmware (experimental)
  * Run actions/upload-artifact@v4
  * Save PR info
  * Upload PR info
  * Save Firmwares Cache
  * Save Kernel Cache
  * Save ccache
  * Save downloads cache
  * Post Build Docker image with cache
  * Post Set up Docker Buildx
  * Post Checkout
Refreshing run status every 3 seconds. Press Ctrl+C to quit.

* poc/fan-curves-imu-20261001-latest Build BICHENG/SnapmakerU1-Extended-Firmware#1 · 37019633229
Triggered via workflow_dispatch about 2 minutes ago

JOBS
* custom-firmware-build (ID 110879083253)
  ✓ Set up job
  ✓ Record start time
  ✓ Checkout
  ✓ Set up Docker Buildx
  ✓ Build Docker image with cache
  ✓ Load values vars.mk
  ✓ Restore Firmwares Cache
  ✓ Restore Kernel Cache
  ✓ Restore ccache
  ✓ Restore downloads cache
  - Set GIT_VERSION (for Pull Request)
  ✓ Download firmware
  * Build with Extended Fluidd firmware
  * Run actions/upload-artifact@v4
  * Build with Extended Fluidd + AFC firmware (experimental)
  * Run actions/upload-artifact@v4
  * Save PR info
  * Upload PR info
  * Save Firmwares Cache
  * Save Kernel Cache
  * Save ccache
  * Save downloads cache
  * Post Build Docker image with cache
  * Post Set up Docker Buildx
  * Post Checkout
Refreshing run status every 3 seconds. Press Ctrl+C to quit.

* poc/fan-curves-imu-20261001-latest Build BICHENG/SnapmakerU1-Extended-Firmware#1 · 37019633229
Triggered via workflow_dispatch about 2 minutes ago

JOBS
* custom-firmware-build (ID 110879083253)
  ✓ Set up job
  ✓ Record start time
  ✓ Checkout
  ✓ Set up Docker Buildx
  ✓ Build Docker image with cache
  ✓ Load values vars.mk
  ✓ Restore Firmwares Cache
  ✓ Restore Kernel Cache
  ✓ Restore ccache
  ✓ Restore downloads cache
  - Set GIT_VERSION (for Pull Request)
  ✓ Download firmware
  ✓ Build with Extended Fluidd firmware
  * Run actions/upload-artifact@v4
  * Build with Extended Fluidd + AFC firmware (experimental)
  * Run actions/upload-artifact@v4
  * Save PR info
  * Upload PR info
  * Save Firmwares Cache
  * Save Kernel Cache
  * Save ccache
  * Save downloads cache
  * Post Build Docker image with cache
  * Post Set up Docker Buildx
  * Post Checkout
Refreshing run status every 3 seconds. Press Ctrl+C to quit.

* poc/fan-curves-imu-20261001-latest Build BICHENG/SnapmakerU1-Extended-Firmware#1 · 37019633229
Triggered via workflow_dispatch about 2 minutes ago

JOBS
* custom-firmware-build (ID 110879083253)
  ✓ Set up job
  ✓ Record start time
  ✓ Checkout
  ✓ Set up Docker Buildx
  ✓ Build Docker image with cache
  ✓ Load values vars.mk
  ✓ Restore Firmwares Cache
  ✓ Restore Kernel Cache
  ✓ Restore ccache
  ✓ Restore downloads cache
  - Set GIT_VERSION (for Pull Request)
  ✓ Download firmware
  ✓ Build with Extended Fluidd firmware
  * Run actions/upload-artifact@v4
  * Build with Extended Fluidd + AFC firmware (experimental)
  * Run actions/upload-artifact@v4
  * Save PR info
  * Upload PR info
  * Save Firmwares Cache
  * Save Kernel Cache
  * Save ccache
  * Save downloads cache
  * Post Build Docker image with cache
  * Post Set up Docker Buildx
  * Post Checkout
Refreshing run status every 3 seconds. Press Ctrl+C to quit.

* poc/fan-curves-imu-20261001-latest Build BICHENG/SnapmakerU1-Extended-Firmware#1 · 37019633229
Triggered via workflow_dispatch about 2 minutes ago

JOBS
* custom-firmware-build (ID 110879083253)
  ✓ Set up job
  ✓ Record start time
  ✓ Checkout
  ✓ Set up Docker Buildx
  ✓ Build Docker image with cache
  ✓ Load values vars.mk
  ✓ Restore Firmwares Cache
  ✓ Restore Kernel Cache
  ✓ Restore ccache
  ✓ Restore downloads cache
  - Set GIT_VERSION (for Pull Request)
  ✓ Download firmware
  ✓ Build with Extended Fluidd firmware
  ✓ Run actions/upload-artifact@v4
  * Build with Extended Fluidd + AFC firmware (experimental)
  * Run actions/upload-artifact@v4
  * Save PR info
  * Upload PR info
  * Save Firmwares Cache
  * Save Kernel Cache
  * Save ccache
  * Save downloads cache
  * Post Build Docker image with cache
  * Post Set up Docker Buildx
  * Post Checkout
Refreshing run status every 3 seconds. Press Ctrl+C to quit.

* poc/fan-curves-imu-20261001-latest Build BICHENG/SnapmakerU1-Extended-Firmware#1 · 37019633229
Triggered via workflow_dispatch about 2 minutes ago

JOBS
* custom-firmware-build (ID 110879083253)
  ✓ Set up job
  ✓ Record start time
  ✓ Checkout
  ✓ Set up Docker Buildx
  ✓ Build Docker image with cache
  ✓ Load values vars.mk
  ✓ Restore Firmwares Cache
  ✓ Restore Kernel Cache
  ✓ Restore ccache
  ✓ Restore downloads cache
  - Set GIT_VERSION (for Pull Request)
  ✓ Download firmware
  ✓ Build with Extended Fluidd firmware
  ✓ Run actions/upload-artifact@v4
  * Build with Extended Fluidd + AFC firmware (experimental)
  * Run actions/upload-artifact@v4
  * Save PR info
  * Upload PR info
  * Save Firmwares Cache
  * Save Kernel Cache
  * Save ccache
  * Save downloads cache
  * Post Build Docker image with cache
  * Post Set up Docker Buildx
  * Post Checkout
Refreshing run status every 3 seconds. Press Ctrl+C to quit.

* poc/fan-curves-imu-20261001-latest Build BICHENG/SnapmakerU1-Extended-Firmware#1 · 37019633229
Triggered via workflow_dispatch about 3 minutes ago

JOBS
* custom-firmware-build (ID 110879083253)
  ✓ Set up job
  ✓ Record start time
  ✓ Checkout
  ✓ Set up Docker Buildx
  ✓ Build Docker image with cache
  ✓ Load values vars.mk
  ✓ Restore Firmwares Cache
  ✓ Restore Kernel Cache
  ✓ Restore ccache
  ✓ Restore downloads cache
  - Set GIT_VERSION (for Pull Request)
  ✓ Download firmware
  ✓ Build with Extended Fluidd firmware
  ✓ Run actions/upload-artifact@v4
  * Build with Extended Fluidd + AFC firmware (experimental)
  * Run actions/upload-artifact@v4
  * Save PR info
  * Upload PR info
  * Save Firmwares Cache
  * Save Kernel Cache
  * Save ccache
  * Save downloads cache
  * Post Build Docker image with cache
  * Post Set up Docker Buildx
  * Post Checkout
Refreshing run status every 3 seconds. Press Ctrl+C to quit.

* poc/fan-curves-imu-20261001-latest Build BICHENG/SnapmakerU1-Extended-Firmware#1 · 37019633229
Triggered via workflow_dispatch about 3 minutes ago

JOBS
* custom-firmware-build (ID 110879083253)
  ✓ Set up job
  ✓ Record start time
  ✓ Checkout
  ✓ Set up Docker Buildx
  ✓ Build Docker image with cache
  ✓ Load values vars.mk
  ✓ Restore Firmwares Cache
  ✓ Restore Kernel Cache
  ✓ Restore ccache
  ✓ Restore downloads cache
  - Set GIT_VERSION (for Pull Request)
  ✓ Download firmware
  ✓ Build with Extended Fluidd firmware
  ✓ Run actions/upload-artifact@v4
  * Build with Extended Fluidd + AFC firmware (experimental)
  * Run actions/upload-artifact@v4
  * Save PR info
  * Upload PR info
  * Save Firmwares Cache
  * Save Kernel Cache
  * Save ccache
  * Save downloads cache
  * Post Build Docker image with cache
  * Post Set up Docker Buildx
  * Post Checkout
Refreshing run status every 3 seconds. Press Ctrl+C to quit.

* poc/fan-curves-imu-20261001-latest Build BICHENG/SnapmakerU1-Extended-Firmware#1 · 37019633229
Triggered via workflow_dispatch about 3 minutes ago

JOBS
* custom-firmware-build (ID 110879083253)
  ✓ Set up job
  ✓ Record start time
  ✓ Checkout
  ✓ Set up Docker Buildx
  ✓ Build Docker image with cache
  ✓ Load values vars.mk
  ✓ Restore Firmwares Cache
  ✓ Restore Kernel Cache
  ✓ Restore ccache
  ✓ Restore downloads cache
  - Set GIT_VERSION (for Pull Request)
  ✓ Download firmware
  ✓ Build with Extended Fluidd firmware
  ✓ Run actions/upload-artifact@v4
  * Build with Extended Fluidd + AFC firmware (experimental)
  * Run actions/upload-artifact@v4
  * Save PR info
  * Upload PR info
  * Save Firmwares Cache
  * Save Kernel Cache
  * Save ccache
  * Save downloads cache
  * Post Build Docker image with cache
  * Post Set up Docker Buildx
  * Post Checkout
Refreshing run status every 3 seconds. Press Ctrl+C to quit.

* poc/fan-curves-imu-20261001-latest Build BICHENG/SnapmakerU1-Extended-Firmware#1 · 37019633229
Triggered via workflow_dispatch about 3 minutes ago

JOBS
* custom-firmware-build (ID 110879083253)
  ✓ Set up job
  ✓ Record start time
  ✓ Checkout
  ✓ Set up Docker Buildx
  ✓ Build Docker image with cache
  ✓ Load values vars.mk
  ✓ Restore Firmwares Cache
  ✓ Restore Kernel Cache
  ✓ Restore ccache
  ✓ Restore downloads cache
  - Set GIT_VERSION (for Pull Request)
  ✓ Download firmware
  ✓ Build with Extended Fluidd firmware
  ✓ Run actions/upload-artifact@v4
  * Build with Extended Fluidd + AFC firmware (experimental)
  * Run actions/upload-artifact@v4
  * Save PR info
  * Upload PR info
  * Save Firmwares Cache
  * Save Kernel Cache
  * Save ccache
  * Save downloads cache
  * Post Build Docker image with cache
  * Post Set up Docker Buildx
  * Post Checkout
Refreshing run status every 3 seconds. Press Ctrl+C to quit.

* poc/fan-curves-imu-20261001-latest Build BICHENG/SnapmakerU1-Extended-Firmware#1 · 37019633229
Triggered via workflow_dispatch about 3 minutes ago

JOBS
* custom-firmware-build (ID 110879083253)
  ✓ Set up job
  ✓ Record start time
  ✓ Checkout
  ✓ Set up Docker Buildx
  ✓ Build Docker image with cache
  ✓ Load values vars.mk
  ✓ Restore Firmwares Cache
  ✓ Restore Kernel Cache
  ✓ Restore ccache
  ✓ Restore downloads cache
  - Set GIT_VERSION (for Pull Request)
  ✓ Download firmware
  ✓ Build with Extended Fluidd firmware
  ✓ Run actions/upload-artifact@v4
  * Build with Extended Fluidd + AFC firmware (experimental)
  * Run actions/upload-artifact@v4
  * Save PR info
  * Upload PR info
  * Save Firmwares Cache
  * Save Kernel Cache
  * Save ccache
  * Save downloads cache
  * Post Build Docker image with cache
  * Post Set up Docker Buildx
  * Post Checkout
Refreshing run status every 3 seconds. Press Ctrl+C to quit.

* poc/fan-curves-imu-20261001-latest Build BICHENG/SnapmakerU1-Extended-Firmware#1 · 37019633229
Triggered via workflow_dispatch about 3 minutes ago

JOBS
* custom-firmware-build (ID 110879083253)
  ✓ Set up job
  ✓ Record start time
  ✓ Checkout
  ✓ Set up Docker Buildx
  ✓ Build Docker image with cache
  ✓ Load values vars.mk
  ✓ Restore Firmwares Cache
  ✓ Restore Kernel Cache
  ✓ Restore ccache
  ✓ Restore downloads cache
  - Set GIT_VERSION (for Pull Request)
  ✓ Download firmware
  ✓ Build with Extended Fluidd firmware
  ✓ Run actions/upload-artifact@v4
  * Build with Extended Fluidd + AFC firmware (experimental)
  * Run actions/upload-artifact@v4
  * Save PR info
  * Upload PR info
  * Save Firmwares Cache
  * Save Kernel Cache
  * Save ccache
  * Save downloads cache
  * Post Build Docker image with cache
  * Post Set up Docker Buildx
  * Post Checkout
Refreshing run status every 3 seconds. Press Ctrl+C to quit.

* poc/fan-curves-imu-20261001-latest Build BICHENG/SnapmakerU1-Extended-Firmware#1 · 37019633229
Triggered via workflow_dispatch about 3 minutes ago

JOBS
* custom-firmware-build (ID 110879083253)
  ✓ Set up job
  ✓ Record start time
  ✓ Checkout
  ✓ Set up Docker Buildx
  ✓ Build Docker image with cache
  ✓ Load values vars.mk
  ✓ Restore Firmwares Cache
  ✓ Restore Kernel Cache
  ✓ Restore ccache
  ✓ Restore downloads cache
  - Set GIT_VERSION (for Pull Request)
  ✓ Download firmware
  ✓ Build with Extended Fluidd firmware
  ✓ Run actions/upload-artifact@v4
  * Build with Extended Fluidd + AFC firmware (experimental)
  * Run actions/upload-artifact@v4
  * Save PR info
  * Upload PR info
  * Save Firmwares Cache
  * Save Kernel Cache
  * Save ccache
  * Save downloads cache
  * Post Build Docker image with cache
  * Post Set up Docker Buildx
  * Post Checkout
Refreshing run status every 3 seconds. Press Ctrl+C to quit.

* poc/fan-curves-imu-20261001-latest Build BICHENG/SnapmakerU1-Extended-Firmware#1 · 37019633229
Triggered via workflow_dispatch about 3 minutes ago

JOBS
* custom-firmware-build (ID 110879083253)
  ✓ Set up job
  ✓ Record start time
  ✓ Checkout
  ✓ Set up Docker Buildx
  ✓ Build Docker image with cache
  ✓ Load values vars.mk
  ✓ Restore Firmwares Cache
  ✓ Restore Kernel Cache
  ✓ Restore ccache
  ✓ Restore downloads cache
  - Set GIT_VERSION (for Pull Request)
  ✓ Download firmware
  ✓ Build with Extended Fluidd firmware
  ✓ Run actions/upload-artifact@v4
  * Build with Extended Fluidd + AFC firmware (experimental)
  * Run actions/upload-artifact@v4
  * Save PR info
  * Upload PR info
  * Save Firmwares Cache
  * Save Kernel Cache
  * Save ccache
  * Save downloads cache
  * Post Build Docker image with cache
  * Post Set up Docker Buildx
  * Post Checkout
Refreshing run status every 3 seconds. Press Ctrl+C to quit.

* poc/fan-curves-imu-20261001-latest Build BICHENG/SnapmakerU1-Extended-Firmware#1 · 37019633229
Triggered via workflow_dispatch about 3 minutes ago

JOBS
* custom-firmware-build (ID 110879083253)
  ✓ Set up job
  ✓ Record start time
  ✓ Checkout
  ✓ Set up Docker Buildx
  ✓ Build Docker image with cache
  ✓ Load values vars.mk
  ✓ Restore Firmwares Cache
  ✓ Restore Kernel Cache
  ✓ Restore ccache
  ✓ Restore downloads cache
  - Set GIT_VERSION (for Pull Request)
  ✓ Download firmware
  ✓ Build with Extended Fluidd firmware
  ✓ Run actions/upload-artifact@v4
  * Build with Extended Fluidd + AFC firmware (experimental)
  * Run actions/upload-artifact@v4
  * Save PR info
  * Upload PR info
  * Save Firmwares Cache
  * Save Kernel Cache
  * Save ccache
  * Save downloads cache
  * Post Build Docker image with cache
  * Post Set up Docker Buildx
  * Post Checkout
Refreshing run status every 3 seconds. Press Ctrl+C to quit.

* poc/fan-curves-imu-20261001-latest Build BICHENG/SnapmakerU1-Extended-Firmware#1 · 37019633229
Triggered via workflow_dispatch about 3 minutes ago

JOBS
* custom-firmware-build (ID 110879083253)
  ✓ Set up job
  ✓ Record start time
  ✓ Checkout
  ✓ Set up Docker Buildx
  ✓ Build Docker image with cache
  ✓ Load values vars.mk
  ✓ Restore Firmwares Cache
  ✓ Restore Kernel Cache
  ✓ Restore ccache
  ✓ Restore downloads cache
  - Set GIT_VERSION (for Pull Request)
  ✓ Download firmware
  ✓ Build with Extended Fluidd firmware
  ✓ Run actions/upload-artifact@v4
  ✓ Build with Extended Fluidd + AFC firmware (experimental)
  * Run actions/upload-artifact@v4
  * Save PR info
  * Upload PR info
  * Save Firmwares Cache
  * Save Kernel Cache
  * Save ccache
  * Save downloads cache
  * Post Build Docker image with cache
  * Post Set up Docker Buildx
  * Post Checkout
Refreshing run status every 3 seconds. Press Ctrl+C to quit.

* poc/fan-curves-imu-20261001-latest Build BICHENG/SnapmakerU1-Extended-Firmware#1 · 37019633229
Triggered via workflow_dispatch about 3 minutes ago

JOBS
* custom-firmware-build (ID 110879083253)
  ✓ Set up job
  ✓ Record start time
  ✓ Checkout
  ✓ Set up Docker Buildx
  ✓ Build Docker image with cache
  ✓ Load values vars.mk
  ✓ Restore Firmwares Cache
  ✓ Restore Kernel Cache
  ✓ Restore ccache
  ✓ Restore downloads cache
  - Set GIT_VERSION (for Pull Request)
  ✓ Download firmware
  ✓ Build with Extended Fluidd firmware
  ✓ Run actions/upload-artifact@v4
  ✓ Build with Extended Fluidd + AFC firmware (experimental)
  ✓ Run actions/upload-artifact@v4
  - Save PR info
  - Upload PR info
  - Save Firmwares Cache
  - Save Kernel Cache
  ✓ Save ccache
  * Save downloads cache
  * Post Build Docker image with cache
  * Post Set up Docker Buildx
  * Post Checkout
Refreshing run status every 3 seconds. Press Ctrl+C to quit.

* poc/fan-curves-imu-20261001-latest Build BICHENG/SnapmakerU1-Extended-Firmware#1 · 37019633229
Triggered via workflow_dispatch about 3 minutes ago

JOBS
✓ custom-firmware-build in 3m51s (ID 110879083253)
  ✓ Set up job
  ✓ Record start time
  ✓ Checkout
  ✓ Set up Docker Buildx
  ✓ Build Docker image with cache
  ✓ Load values vars.mk
  ✓ Restore Firmwares Cache
  ✓ Restore Kernel Cache
  ✓ Restore ccache
  ✓ Restore downloads cache
  - Set GIT_VERSION (for Pull Request)
  ✓ Download firmware
  ✓ Build with Extended Fluidd firmware
  ✓ Run actions/upload-artifact@v4
  ✓ Build with Extended Fluidd + AFC firmware (experimental)
  ✓ Run actions/upload-artifact@v4
  - Save PR info
  - Upload PR info
  - Save Firmwares Cache
  - Save Kernel Cache
  ✓ Save ccache
  ✓ Save downloads cache
  ✓ Post Build Docker image with cache
  ✓ Post Set up Docker Buildx
  ✓ Post Checkout
  ✓ Complete job

ANNOTATIONS
! Node.js 20 is deprecated. The following actions target Node.js 20 but are being forced to run on Node.js 24: actions/cache/restore@v4, actions/cache/save@v4, actions/checkout@v3, actions/upload-artifact@v4, docker/build-push-action@v6, docker/setup-buildx-action@v3. For more information see: https://github.blog/changelog/2025-09-19-deprecation-of-node-20-on-github-actions-runners/
custom-firmware-build: .github#2

! Cache save failed.
custom-firmware-build: .github#23

! Cache save failed.
custom-firmware-build: .github#19

✓ poc/fan-curves-imu-20261001-latest Build BICHENG/SnapmakerU1-Extended-Firmware#1 · 37019633229
Triggered via workflow_dispatch about 4 minutes ago

JOBS
✓ custom-firmware-build in 3m51s (ID 110879083253)
  ✓ Set up job
  ✓ Record start time
  ✓ Checkout
  ✓ Set up Docker Buildx
  ✓ Build Docker image with cache
  ✓ Load values vars.mk
  ✓ Restore Firmwares Cache
  ✓ Restore Kernel Cache
  ✓ Restore ccache
  ✓ Restore downloads cache
  - Set GIT_VERSION (for Pull Request)
  ✓ Download firmware
  ✓ Build with Extended Fluidd firmware
  ✓ Run actions/upload-artifact@v4
  ✓ Build with Extended Fluidd + AFC firmware (experimental)
  ✓ Run actions/upload-artifact@v4
  - Save PR info
  - Upload PR info
  - Save Firmwares Cache
  - Save Kernel Cache
  ✓ Save ccache
  ✓ Save downloads cache
  ✓ Post Build Docker image with cache
  ✓ Post Set up Docker Buildx
  ✓ Post Checkout
  ✓ Complete job

ANNOTATIONS
! Node.js 20 is deprecated. The following actions target Node.js 20 but are being forced to run on Node.js 24: actions/cache/restore@v4, actions/cache/save@v4, actions/checkout@v3, actions/upload-artifact@v4, docker/build-push-action@v6, docker/setup-buildx-action@v3. For more information see: https://github.blog/changelog/2025-09-19-deprecation-of-node-20-on-github-actions-runners/
custom-firmware-build: .github#2

! Cache save failed.
custom-firmware-build: .github#23

! Cache save failed.
custom-firmware-build: .github#19

